// Jest Snapshot v1, https://goo.gl/fbAQLP

exports[`Checking snapshots 1`] = `
<div
  className="pt-88"
>
  <Page404 />
</div>
`;
