// Jest Snapshot v1, https://goo.gl/fbAQLP

exports[`Testing season details Checking the snapshot of the component 1`] = `<DataNotFound />`;
